// Jest Snapshot v1, https://goo.gl/fbAQLP

exports[`renders correctly 1`] = `
<View
  accessibilityIgnoresInvertColors={true}
  style={
    {
      "flex": 1,
      "padding": 25,
      "resizeMode": "contain",
    }
  }
>
  <Image
    resizeMode="stretch"
    source={
      {
        "testUri": "../../../src/assets/images/login_bg.png",
      }
    }
    style={
      [
        {
          "bottom": 0,
          "left": 0,
          "position": "absolute",
          "right": 0,
          "top": 0,
        },
        {
          "height": undefined,
          "width": undefined,
        },
        undefined,
      ]
    }
  />
  <RCTSafeAreaView
    style={
      {
        "flex": 1,
        "padding": 25,
      }
    }
  >
    <View
      style={
        {
          "flex": 1,
        }
      }
    >
      <View
        accessibilityState={
          {
            "busy": undefined,
            "checked": undefined,
            "disabled": undefined,
            "expanded": undefined,
            "selected": undefined,
          }
        }
        accessibilityValue={
          {
            "max": undefined,
            "min": undefined,
            "now": undefined,
            "text": undefined,
          }
        }
        accessible={true}
        collapsable={false}
        focusable={true}
        onClick={[Function]}
        onResponderGrant={[Function]}
        onResponderMove={[Function]}
        onResponderRelease={[Function]}
        onResponderTerminate={[Function]}
        onResponderTerminationRequest={[Function]}
        onStartShouldSetResponder={[Function]}
        style={
          {
            "opacity": 1,
          }
        }
      >
        <Image
          resizeMode="contain"
          source={
            {
              "testUri": "../../../src/assets/images/back_circle.png",
            }
          }
          style={
            {
              "height": 35,
              "width": 35,
            }
          }
        />
      </View>
      <Text
        style={
          {
            "fontSize": 32,
            "fontWeight": "600",
            "marginTop": 30,
          }
        }
      >
        Welcome !
      </Text>
      <Text
        style={
          {
            "fontSize": 15,
            "marginTop": 10,
          }
        }
      >
        Enter Your Username & Password
      </Text>
    </View>
    <View
      style={
        {
          "flex": 1.8,
        }
      }
    >
      <View
        style={
          {
            "borderBottomColor": "black",
            "borderBottomWidth": 1,
            "flex": 1,
            "justifyContent": "flex-end",
            "marginBottom": 50,
            "maxHeight": 60,
            "padding": 10,
            "paddingBottom": 10,
          }
        }
      >
        <TextInput
          onChangeText={[Function]}
          placeholder="Enter user name"
          secureTextEntry={false}
          style={
            {
              "color": "black",
              "fontSize": 18,
              "height": "100%",
            }
          }
          value=""
        />
      </View>
      <View
        style={
          {
            "borderBottomColor": "black",
            "borderBottomWidth": 1,
            "flex": 1,
            "justifyContent": "flex-end",
            "marginBottom": 50,
            "maxHeight": 60,
            "padding": 10,
            "paddingBottom": 10,
          }
        }
      >
        <TextInput
          onChangeText={[Function]}
          placeholder="Enter password"
          secureTextEntry={true}
          style={
            {
              "color": "black",
              "fontSize": 18,
              "height": "100%",
            }
          }
          value=""
        />
      </View>
      <View
        style={
          {
            "alignItems": "center",
            "flex": 1,
            "justifyContent": "center",
          }
        }
      >
        <View
          accessibilityState={
            {
              "busy": undefined,
              "checked": undefined,
              "disabled": undefined,
              "expanded": undefined,
              "selected": undefined,
            }
          }
          accessibilityValue={
            {
              "max": undefined,
              "min": undefined,
              "now": undefined,
              "text": undefined,
            }
          }
          accessible={true}
          collapsable={false}
          focusable={true}
          onClick={[Function]}
          onResponderGrant={[Function]}
          onResponderMove={[Function]}
          onResponderRelease={[Function]}
          onResponderTerminate={[Function]}
          onResponderTerminationRequest={[Function]}
          onStartShouldSetResponder={[Function]}
          style={
            {
              "alignItems": "center",
              "backgroundColor": "black",
              "borderRadius": 100,
              "height": 50,
              "justifyContent": "center",
              "opacity": 1,
              "width": "60%",
            }
          }
        >
          <Text
            style={
              {
                "color": "white",
                "fontSize": 20,
                "fontWeight": "600",
              }
            }
          >
            LOGIN
          </Text>
        </View>
        <Text
          style={
            {
              "color": "gray",
              "fontSize": 13,
              "marginTop": 20,
            }
          }
        >
          Forgotten password?
        </Text>
      </View>
    </View>
  </RCTSafeAreaView>
</View>
`;
